/*C21*/SET SCHEMA PUBLIC
DISCONNECT
/*C23*/SET SCHEMA PUBLIC
DISCONNECT
/*C24*/SET SCHEMA PUBLIC
DISCONNECT
/*C25*/SET SCHEMA PUBLIC
INSERT INTO FUNCIONARIOS VALUES(7,'Teste7','1977-07-07',3000.00)
COMMIT
/*C26*/SET SCHEMA PUBLIC
DISCONNECT
/*C25*/DISCONNECT
/*C31*/SET SCHEMA PUBLIC
INSERT INTO FUNCIONARIOS VALUES(100,'teste100','1980-10-10',100000.00)
COMMIT
/*C27*/SET SCHEMA PUBLIC
DISCONNECT
/*C28*/SET SCHEMA PUBLIC
DISCONNECT
/*C29*/SET SCHEMA PUBLIC
DISCONNECT
/*C31*/DISCONNECT
/*C30*/SET SCHEMA PUBLIC
DISCONNECT
/*C32*/SET SCHEMA PUBLIC
DISCONNECT
/*C33*/SET SCHEMA PUBLIC
DELETE FROM FUNCIONARIOS WHERE RE=100
COMMIT
